// Vitest Snapshot v1, https://vitest.dev/guide/snapshot.html

exports[`product-filter matches snapshot 1`] = `
<body>
  <div>
    <button
      aria-controls="radix-«r0»"
      aria-expanded="false"
      aria-haspopup="dialog"
      class="justify-center whitespace-nowrap rounded-md text-sm font-medium transition-all disabled:pointer-events-none disabled:opacity-50 [&_svg]:pointer-events-none [&_svg:not([class*='size-'])]:size-4 shrink-0 [&_svg]:shrink-0 outline-none focus-visible:border-ring focus-visible:ring-ring/50 focus-visible:ring-[3px] aria-invalid:ring-destructive/20 dark:aria-invalid:ring-destructive/40 aria-invalid:border-destructive border bg-background shadow-xs hover:bg-accent hover:text-accent-foreground dark:bg-input/30 dark:border-input dark:hover:bg-input/50 h-9 px-4 py-2 has-[>svg]:px-3 relative flex items-center gap-2 w-fit"
      data-slot="popover-trigger"
      data-state="closed"
      type="button"
    >
      <svg
        aria-hidden="true"
        class="lucide lucide-funnel"
        fill="none"
        height="24"
        stroke="currentColor"
        stroke-linecap="round"
        stroke-linejoin="round"
        stroke-width="2"
        viewBox="0 0 24 24"
        width="24"
        xmlns="http://www.w3.org/2000/svg"
      >
        <path
          d="M10 20a1 1 0 0 0 .553.895l2 1A1 1 0 0 0 14 21v-7a2 2 0 0 1 .517-1.341L21.74 4.67A1 1 0 0 0 21 3H3a1 1 0 0 0-.742 1.67l7.225 7.989A2 2 0 0 1 10 14z"
        />
      </svg>
      <span
        class="hidden sm:inline-block"
      >
        Filtros
      </span>
    </button>
  </div>
</body>
`;
